# Copyright (c) June 1998 Wolfram Schneider <wosch@FreeBSD.org>, Berlin.
#
# Site map for FreeBSD.org
#
# Empty lines and comments ('#') are ignored.
# Format: <url> | <description>
# An empty url begin a new section
#
# $FreeBSD: www/fr/search/site.map,v 1.1 2003/12/10 17:13:32 stephane Exp $

# The FreeBSD French Documentation Project
# Original revision: 1.22
# Version francaise : Stephane Legrand <stephane@freebsd-fr.org>

|Logiciels 
../features.html|Caract&eacute;ristiques 
../releases/index.html|Versions 
../../doc/en_US.ISO8859-1/books/handbook/install.html|Installation 
&u.rel.hardware;|Mat&eacute;riels support&eacute;s
../../doc/en_US.ISO8859-1/books/handbook/mirrors.html|Miroirs 
../applications.html|Applications 
../platforms/alpha.html|A propos du port Alpha 
../java/index.html|Java 
../gnome/index.html|GNOME
../ports/index.html|Ports
../commercial/commercial.html|Revendeurs commerciaux
 
|Supports
../support.html#mailing-list|Listes de diffusion
../support.html#newsgroups|Forums
../support.html#web|Web
../support.html#gnats|Bugs
../support.html#cvs|CVS
../support.html#user|Groupes utilisateurs
../projects/projects.html|Projets
../security/security.html|S&eacute;curit&eacute;
../gallery/gallery.html|Galerie
../commercial/commercial.html|Revendeurs commerciaux

|Nouvelles
../news/newsflash.html|Flash info
http://www.daemonnews.org/newsletter/|Bulletins BSD
../news/pressreleases.html|Communiqu&eacute;s de presse officiels
../news/press.html|FreeBSD dans la presse
 
|Documentations
../docs.html#books|Livres
../../doc/en_US.ISO8859-1/books/handbook/index.html|Manuel de r&eacute;f&eacute;rence
../../doc/en_US.ISO8859-1/books/faq/index.html|FAQ
../docs.html#articles|Articles
../docs.html#man|Pages de manuel
../docs.html#other|Autres documentations
../publish.html|Publications
../../doc/en_US.ISO8859-1/books/handbook/bibliography.html|Bibliographie
../y2kbug.html|An 2000

