# Copyright (c) June 1998 Wolfram Schneider <wosch@FreeBSD.org>, Berlin.
#
# Site map for FreeBSD.org
#
# Empty lines and comments ('#') are ignored.
# Format: <url> | <description>
# An empty url begin a new section
#
# $FreeBSD$
# The FreeBSD Russian Documentation Project
# $FreeBSDru: frdp/www/ru/search/site.map,v 1.1 2000/10/24 16:51:30 phantom Exp $
# Original revision: 1.11

|Програмное обеспечение
../availability.html|О FreeBSD
../features.html|Возможности
../releases/|Релизы 
../handbook/install.html|Инсталяция 
../handbook/install-hw.html|Поддерживаемое оборудование
../handbook/mirrors.html|Зеркала 
../applications.html|Приложения 
../alpha/|О порте на архитектуру Alpha
../java/|Java 
../ports/|Порты
../commercial/commercial.html|Комерческие разработчики
 
|Поддержка
../support.html#mailing-list|Списки рассылки
../support.html#newsgroups|Группы новостей
../support.html#web|Web
../support.html#pr|Ошибки
../support.html#cvs|CVS
../support.html#development|Проекты
../support.html#user|Группы пользователей
../projects/|Проекты
../security/security.html|Безопасность
../gallery/gallery.html|Галерея
../commercial/commercial.html|Комерческие разработчики

|Новости
../news/newsflash.html|Последние новости
../news/qnewsletter.html|Очень Быстрые Новости FreeBSD
../news/pressreleases.html|Официальные пресс релизы
../news/press.html|FreeBSD в пресе
../publish.html#newsletter|Новости
 
|Документация
../handbook/|Руководство пользователя
../FAQ/|FAQ
../tutorials/|Учебники
../docs.html#man|Страницы Справочника
../docs.html#info|INFO
../docs.html#44doc|Материалы о 4.4BSD
../publish.html|Публикации
../handbook/bibliography.html|Книги
../y2kbug.html|Ошибка 2000'го года

