# Copyright (c) June 1998 Wolfram Schneider <wosch@FreeBSD.org>, Berlin.
#
# Site map for FreeBSD.org
#
# Empty lines and comments ('#') are ignored.
# Format: <url> | <description>
# An empty url begin a new section
#
# $FreeBSD$

# The FreeBSD Hungarian Documentation Project
# Translated by: Gabor Kovesdan <gabor@FreeBSD.org>
# Original Revision: r1.26

|Szoftver
&base;/features.html|Adotts&aacute;gok
&enbase;/releases/index.html|Kiad&aacute;sok
&enbase;/doc/en_US.ISO8859-1/books/handbook/install.html|Telep&iacute;t&eacute;s
&u.rel.hardware;|T&aacute;mogatott Hardver
&enbase;/doc/en_US.ISO8859-1/books/handbook/mirrors.html|T&uuml;k&ouml;rszerverek
&base;/applications.html|Alkalmaz&aacute;sok
&enbase;/java/index.html|Java
&enbase;/gnome/index.html|GNOME
&enbase;/ports/index.html|Ports Collection
&enbase;/commercial/commercial.html|Kereskedelmi El&aacute;rus&iacute;t&oacute;k

|T&aacute;mogat&aacute;s
&enbase;/doc/en_US.ISO8859-1/books/handbook/eresources.html#ERESOURCES-MAIL|Levelez&eacute;si list&aacute;k
&base;/support.html#newsgroups|H&iacute;rcsoportok
&base;/support.html#web|Web
&base;/support.html#gnats|Hib&aacute;k
&base;/support.html#cvs|CVS
&enbase;/usergroups.html#user|Felhaszn&aacute;l&oacute;i csoportok
&enbase;/projects/projects.html|Projektek
&enbase;/security/security.html|Biztons&aacute;g
&enbase;/commercial/commercial.html|Kereskedelmi el&aacute;rus&iacute;t&oacute;k

|Projektek
&enbase;/projects/acpi/index.html|ACPI
&enbase;/projects/bigdisk/index.html|Bigdisk
&enbase;/projects/busdma/index.html|Busdma &eacute;s SMPng driver konverzi&oacute;
&enbase;/projects/c99/index.html|C99 &amp; POSIX&reg; Megfelel&#245;s&eacute;g
&enbase;/projects/cvsweb.html|CVSweb
&enbase;/projects/dingo/index.html|H&aacute;l&oacute;zati Tisztogat&aacute;s &eacute;s Konszolid&aacute;ci&oacute; Projekt (dingo)
&enbase;/projects/gnats4/index.html|FreeBSD GNATS Friss&iacute;t&eacute;s
&enbase;/projects/mips/index.html|FreeBSD/MIPS
&enbase;/projects/netperf/index.html|H&aacute;l&oacute;zati Teljes&iacute;tm&eacute;ny (netperf)

|Platformok
&base;/platforms/alpha.html|FreeBSD/alpha
&base;/platforms/amd64.html|FreeBSD/amd64
&base;/platforms/arm.html|FreeBSD/ARM
&base;/platforms/i386.html|FreeBSD/i386
&base;/platforms/ia64/index.html|FreeBSD/ia64
&base;/platforms/mips.html|FreeBSD/MIPS
&base;/platforms/pc98.html|FreeBSD/pc98
&base;/platforms/ppc.html|FreeBSD/ppc
&base;/platforms/sparc.html|FreeBSD/sparc64
&base;/platforms/xbox.html|FreeBSD/xbox

|H&iacute;rek
&enbase;/news/newsflash.html|H&iacute;rek
&enbase;/news/pressreleases.html|Kiadv&aacute;nyok
&enbase;/news/press.html|FreeBSD a sajt&oacute;ban
&enbase;/events/events.html|Esem&eacute;nyek

|Dokument&aacute;ci&oacute;
&base;/docs.html#books|K&ouml;nyvek
&enbase;/doc/en_US.ISO8859-1/books/handbook/index.html|K&eacute;zik&ouml;nyv
&enbase;/doc/en_US.ISO8859-1/books/faq/index.html|GYIK
&base;/docs.html#articles|Cikkek
&base;/docs.html#man|Man Oldalak
&base;/docs.html#other|Egy&eacute;b Dokument&aacute;ci&oacute;
&enbase;/publish.html|Publik&aacute;ci&oacute;k
&enbase;/doc/en_US.ISO8859-1/books/handbook/bibliography.html|Bibliogr&aacute;fia
&enbase;/y2kbug.html|Y2K
