# Copyright (c) June 1998 Wolfram Schneider <wosch@FreeBSD.org>, Berlin.
#
# Site map for FreeBSD.org
#
# Empty lines and comments ('#') are ignored.
# Format: <url> | <description>
# An empty url begin a new section
#
# $FreeBSD$
# 
# NOTE: the entries in the main sections should be the same as the entries
# in the navibar on the frontpage and should be listed in the same
# order. Entries in deeper levels of the hierarchy of our website
# (e.g. Platforms) should be added into the submenu section listed
# alphabetically. Please always respect these guidelines to keep this file
# easy to maintain.
#


#
#		Main section
#

|About
&base;/features.html|Features
&base;/releases/index.html|Releases
&base;/doc/en_US.ISO8859-1/books/handbook/install.html|Installation
&u.rel.hardware;|Supported Hardware
&base;/doc/en_US.ISO8859-1/books/handbook/mirrors.html|Mirrors
&base;/applications.html|Applications
&base;/java/index.html|Java
&base;/gnome/index.html|GNOME
&base;/ports/index.html|Ports
&base;/commercial/commercial.html|Commercial Vendors
&base;/administration.html|Administration

|Get FreeBSD
&base;/where.html|Get FreeBSD
&base;/releases/index.html|Release Information
&base;/snapshots/index.html|Snapshot Releases
&base;/ports/index.html|Ported Applications

|Documentation
&base;/docs/books.html|Books
&base;/doc/en_US.ISO8859-1/books/handbook/index.html|Handbook
&base;/doc/en_US.ISO8859-1/books/faq/index.html|FAQ
&base;/docs/books.html#ARTICLES|Articles
&cgibase;/man.cgi|Manual Pages
http://docs.freebsd.org/|Other Documentation
&base;/publish.html|Publications
&base;/docproj/translations.html|Translations
&base;/doc/en_US.ISO8859-1/books/handbook/bibliography.html|Bibliography
&base;/y2kbug.html|Year2000

|Community
&base;/community/mailinglists.html|Mailing Lists
&base;/community/irc.html|IRC
&base;/community/newsgroups.html|Newsgroups
&base;/usergroups.html|User Groups
&base;/community/webresources.html|Web Resources

|Developers
&base;/doc/en_US.ISO8859-1/books/developers-handbook/index.html|Developers' Handbook
&base;/doc/en_US.ISO8859-1/books/porters-handbook/|Porter's Handbook
&base;/developers/cvs.html|CVS Repository
&base;/releng/index.html|Release Engineering
&base;/platforms/index.html|Platforms
&base;/projects/ideas/index.html|Project Ideas
&base;/doc/en_US.ISO8859-1/articles/contributing/index.html|Contributing

|Support
&base;/commercial/commercial.html|Commercial Vendors
&base;/security/security.html|Security Information
&base;/support/bugreports.html|Bug Reports
&base;/support/webresources.html|Web Resources

|Foundation
http://www.freebsdfoundation.org/|The FreeBSD Foundation


#
#		Submenu section
#

|News
&base;/news/newsflash.html|Newsflash
&base;/news/pressreleases.html|Official Press Releases
&base;/news/press.html|FreeBSD in the press
&base;/events/events.html|Events
&base;/news/status/status.html|Status Reports

|Platforms
&base;/platforms/alpha.html|FreeBSD/alpha
&base;/platforms/amd64.html|FreeBSD/amd64
&base;/platforms/arm.html|FreeBSD/ARM
&base;/platforms/i386.html|FreeBSD/i386
&base;/platforms/ia64/index.html|FreeBSD/ia64
&base;/platforms/mips.html|FreeBSD/MIPS
&base;/platforms/pc98.html|FreeBSD/pc98
&base;/platforms/ppc.html|FreeBSD/ppc
&base;/platforms/sparc.html|FreeBSD/sparc64
&base;/platforms/sun4v.html|FreeBSD/sunv4
&base;/platforms/xbox.html|FreeBSD/xbox

|Projects
&base;/projects/acpi/index.html|ACPI
&base;/projects/bigdisk/index.html|Bigdisk
&base;/projects/busdma/index.html|Busdma and SMPng driver conversion
&base;/projects/c99/index.html|C99 &amp; POSIX&reg; Conformance
&base;/projects/cvsweb.html|CVSweb
&base;/projects/ideas/index.html|FreeBSD Project Ideas
&base;/projects/mips/index.html|FreeBSD/MIPS
&base;/projects/netperf/index.html|Network Performance (netperf)
