# Copyright (c) June 1998 Wolfram Schneider <wosch@FreeBSD.org>, Berlin.
#
# Site map for FreeBSD.org
#
# Empty lines and comments ('#') are ignored.
# Format: <url> | <description>
# An empty url begin a new section
#
# $FreeBSD: www/hu/search/site.map,v 1.9 2008/08/21 11:51:48 pgj Exp $

# The FreeBSD Hungarian Documentation Project
# Translated by: Gabor Kovesdan <gabor@FreeBSD.org>
# %SOURCE%	en/search/site.map
# %SRCID%	1.31

# NOTE: the entries in the main sections should be the same as the entries
# in the navibar on the frontpage and should be listed in the same
# order. Entries in deeper levels of the hierarchy of our website
# (e.g. Platforms) should be added into the submenu section listed
# alphabetically. Please always respect these guidelines to keep this file
# easy to maintain.
#


#
#               Main section
#


|Bemutatkozunk
&base;/features.html|Adotts&aacute;gok
&enbase;/releases/index.html|Kiad&aacute;sok
&enbase;/doc/hu/books/handbook/install.html|Telep&iacute;t&eacute;s
&u.rel.hardware;|T&aacute;mogatott eszk&ouml;z&ouml;k
&enbase;/doc/hu/books/handbook/mirrors.html|T&uuml;kr&ouml;z&eacute;sek
&base;/applications.html|Alkalmaz&aacute;sok
&enbase;/java/index.html|Java
&enbase;/gnome/index.html|GNOME
&enbase;/ports/index.html|A Portgy&#251;jtem&eacute;ny
&enbase;/commercial/commercial.html|Kereskedelmi forr&aacute;sok
&base;/administration.html|Adminisztr&aacute;ci&oacute;

|Let&ouml;lt&eacute;s
&base;/where.html|Let&ouml;lt&eacute;s
&enbase;/releases/index.html|Kiad&aacute;si inform&aacute;ci&oacute;k
&enbase;/snapshots/index.html|Id&#245;k&ouml;zi kiad&aacute;sok
&enbase;/ports/index.html|Portolt alkalmaz&aacute;sok

|Dokument&aacute;ci&oacute;
&base;/docs/books.html|K&ouml;nyvek
&enbase;/doc/hu/books/handbook/index.html|K&eacute;zik&ouml;nyv
&enbase;/doc/hu/books/faq/index.html|GYIK
&base;/docs/books.html#ARTICLES|Cikkek
&cgibase;/man.cgi|Man Oldalak
http://docs.freebsd.org/|Egy&eacute;b dokument&aacute;ci&oacute;
&enbase;/publish.html|Publik&aacute;ci&oacute;k
&enbase;/docproj/translations.html|Ford&iacute;t&aacute;sok
&enbase;/doc/hu_HU.ISO8859-2/books/handbook/bibliography.html|Irodalomjegyz&eacute;k
&enbase;/y2kbug.html|Y2K

|K&ouml;z&ouml;ss&eacute;g
&base;/community/mailinglists.html|Levelez&eacute;si list&aacute;k
&base;/community/irc.html|IRC
&base;/community/newsgroups.html|H&iacute;rcsoportok
&enbase;/usergroups.html|Felhaszn&aacute;l&oacute;i csoportok
&base;/community/webresources.html|Webes forr&aacute;sok

|Fejleszt&#245;k
&enbase;/doc/en/books/developers-handbook/index.html|A &os; fejleszt&#245;k k&eacute;zik&ouml;nyve
&enbase;/doc/en/books/porters-handbook/|A porterek k&eacute;zik&ouml;nyve
&base;/developers/cvs.html|CVS repository
&enbase;/releng/index.html|A kiad&aacute;sok &uuml;temez&eacute;se
&base;/platforms/index.html|Platformok
&enbase;/projects/ideas/index.html|Projekt&ouml;tletek
&enbase;/doc/en/articles/contributing/index.html|Hozz&aacute;j&aacute;rul&aacute;s

|T&aacute;mogat&aacute;s
&enbase;/commercial/commercial.html|Kereskedelmi forr&aacute;sok
&enbase;/security/security.html|Biztons&aacute;gi inform&aacute;ci&oacute;k
&base;/support/bugreports.html|Hibajelent&eacute;sek
&base;/support/webresources.html|Webes Forr&aacute;sok


#
#               Submenu section
#

|H&iacute;rek
&enbase;/news/newsflash.html|H&iacute;rek
&enbase;/news/pressreleases.html|Kiadv&aacute;nyok
&enbase;/news/press.html|&os; a sajt&oacute;ban
&enbase;/events/events.html|Rendezv&eacute;nyek
&enbase;/news/status/status.html|Helyzetjelent&eacute;sek

|Platformok
&base;/platforms/alpha.html|&os;/alpha
&base;/platforms/amd64.html|&os;/amd64
&base;/platforms/arm.html|&os;/ARM
&base;/platforms/i386.html|&os;/i386
&base;/platforms/ia64/index.html|&os;/ia64
&base;/platforms/mips.html|&os;/MIPS
&base;/platforms/pc98.html|&os;/pc98
&base;/platforms/ppc.html|&os;/ppc
&base;/platforms/sparc.html|&os;/sparc64
&base;/platforms/sun4v.html|&os;/sun4v
&base;/platforms/xbox.html|&os;/xbox

|Projektek
&enbase;/projects/acpi/index.html|ACPI
&enbase;/projects/bigdisk/index.html|Bigdisk
&enbase;/projects/busdma/index.html|A busdma &eacute;s SMPng meghajt&oacute;k
&enbase;/projects/c99/index.html|C99 &eacute;s POSIX&reg; megfelel&eacute;s
&enbase;/projects/cvsweb.html|CVSweb
&enbase;/projects/gnats4/index.html|&os; GNATS friss&iacute;t&eacute;s
&enbase;/projects/ideas/index.html|&os; projekt&ouml;tletek
&enbase;/projects/mips/index.html|&os;/MIPS
&enbase;/projects/netperf/index.html|H&aacute;l&oacute;zati teljes&iacute;tm&eacute;ny (netperf)
