# Copyright (c) June 1998 Wolfram Schneider <wosch@FreeBSD.org>, Berlin.
#
# Site map for FreeBSD.org
#
# Empty lines and comments ('#') are ignored.
# Format: <url> | <description>
# An empty url begin a new section
#
# $FreeBSD: www/en/search/site.map,v 1.25 2006/10/08 11:10:36 ceri Exp $

|Software
&base;/features.html|Features
&base;/releases/index.html|Releases
&base;/doc/en_US.ISO8859-1/books/handbook/install.html|Installation
&u.rel.hardware;|Supported Hardware
&base;/doc/en_US.ISO8859-1/books/handbook/mirrors.html|Mirrors
&base;/applications.html|Applications
&base;/java/index.html|Java
&base;/gnome/index.html|GNOME
&base;/ports/index.html|Ports
&base;/commercial/commercial.html|Commercial Vendors

|Support
&base;/doc/en_US.ISO8859-1/books/handbook/eresources.html#ERESOURCES-MAIL|Mailing lists
&base;/support.html#newsgroups|Newsgroups
&base;/support.html#web|Web
&base;/support.html#gnats|Bugs
&base;/support.html#cvs|CVS
&base;/usergroups.html#user|User Groups
&base;/projects/projects.html|Projects
&base;/security/security.html|Security
&base;/commercial/commercial.html|Commercial Vendors

|Projects
&base;/projects/acpi/index.html|ACPI
&base;/projects/bigdisk/index.html|Bigdisk
&base;/projects/busdma/index.html|Busdma and SMPng driver conversion
&base;/projects/c99/index.html|C99 &amp; POSIX&reg; Conformance
&base;/projects/cvsweb.html|CVSweb
&base;/projects/dingo/index.html|Network Cleanup and Consolidation Project (dingo)
&base;/projects/gnats4/index.html|FreeBSD GNATS Upgrade
&base;/projects/ideas/index.html|FreeBSD Project Ideas
&base;/projects/mips/index.html|FreeBSD/MIPS
&base;/projects/netperf/index.html|Network Performance (netperf)

|Platforms
&base;/platforms/alpha.html|FreeBSD/alpha
&base;/platforms/amd64.html|FreeBSD/amd64
&base;/platforms/arm.html|FreeBSD/ARM
&base;/platforms/i386.html|FreeBSD/i386
&base;/platforms/ia64/index.html|FreeBSD/ia64
&base;/platforms/mips.html|FreeBSD/MIPS
&base;/platforms/pc98.html|FreeBSD/pc98
&base;/platforms/ppc.html|FreeBSD/ppc
&base;/platforms/sparc.html|FreeBSD/sparc64
&base;/platforms/xbox.html|FreeBSD/xbox

|News
&base;/news/newsflash.html|Newsflash
&base;/news/pressreleases.html|Official Press Releases
&base;/news/press.html|FreeBSD in the press
&base;/events/events.html|Events
&base;news/status/status.html|Status Reports

|Documentation
&base;/docs.html#books|Books
&base;/doc/en_US.ISO8859-1/books/handbook/index.html|Handbook
&base;/doc/en_US.ISO8859-1/books/faq/index.html|FAQ
&base;/docs.html#articles|Articles
&base;/docs.html#man|Manual Pages
&base;/docs.html#other|Other Documentation
&base;/publish.html|Publications
&base;/docproj/translations.html|Translations
&base;/doc/en_US.ISO8859-1/books/handbook/bibliography.html|Bibliography
&base;/y2kbug.html|Year2000

