# Copyright (c) June 1998 Wolfram Schneider <wosch@FreeBSD.org>, Berlin.
#
# Site map for FreeBSD.org
#
# Empty lines and comments ('#') are ignored.
# Format: <url> | <description>
# An empty url begin a new section
#
# $FreeBSD: www/en/search/site.map,v 1.23 2004/04/26 16:46:32 josef Exp $

|Software
../features.html|Features
../releases/index.html|Releases 
../doc/en_US.ISO8859-1/books/handbook/install.html|Installation 
&u.rel.hardware;|Supported Hardware
../doc/en_US.ISO8859-1/books/handbook/mirrors.html|Mirrors 
../applications.html|Applications 
../java/index.html|Java 
../gnome/index.html|GNOME
../ports/index.html|Ports
../commercial/commercial.html|Commercial Vendors
 
|Support
../doc/en_US.ISO8859-1/books/handbook/eresources.html#ERESOURCES-MAIL|Mailing lists
../support.html#newsgroups|Newsgroups
../support.html#web|Web
../support.html#gnats|Bugs
../support.html#cvs|CVS
../usergroups.html#user|User Groups
../projects/projects.html|Projects
../security/security.html|Security
../commercial/commercial.html|Commercial Vendors

|Projects
../projects/acpi/index.html|ACPI
../projects/bigdisk/index.html|Bigdisk
../projects/busdma/index.html|Busdma and SMPng driver conversion
../projects/c99/index.html|C99 &amp; POSIX&reg; Conformance
../projects/cvsweb.html|CVSweb
../projects/dingo/index.html|Network Cleanup and Consolidation Project (dingo)
../projects/gnats4/index.html|FreeBSD GNATS Upgrade
../projects/mips/index.html|FreeBSD/MIPS
../projects/netperf/index.html|Network Performance (netperf)

|Platforms
../platforms/alpha.html|FreeBSD/alpha
../platforms/amd64.html|FreeBSD/amd64
../platforms/arm.html|FreeBSD/ARM
../platforms/i386.html|FreeBSD/i386
../platforms/ia64/index.html|FreeBSD/ia64
../platforms/mips.html|FreeBSD/MIPS
../platforms/pc98.html|FreeBSD/pc98
../platforms/ppc.html|FreeBSD/ppc
../platforms/sparc.html|FreeBSD/sparc64

|News
../news/newsflash.html|Newsflash
../news/pressreleases.html|Official Press Releases
../news/press.html|FreeBSD in the press
../events/events.html|Events
 
|Documentation
../docs.html#books|Books
../doc/en_US.ISO8859-1/books/handbook/index.html|Handbook
../doc/en_US.ISO8859-1/books/faq/index.html|FAQ
../docs.html#articles|Articles
../docs.html#man|Manual Pages
../docs.html#other|Other Documentation
../publish.html|Publications
../doc/en_US.ISO8859-1/books/handbook/bibliography.html|Bibliography
../y2kbug.html|Year2000

