# Copyright (c) June 1998 Wolfram Schneider <wosch@FreeBSD.org>, Berlin.
#
# Site map for FreeBSD.org
#
# Empty lines and comments ('#') are ignored.
# Format: <url> | <description>
# An empty url begin a new section
#
# $FreeBSD: www/en/search/site.map,v 1.10 2000/04/20 17:43:01 phantom Exp $

|Software
../availability.html|About FreeBSD
../features.html|Features
../releases/|Releases 
../handbook/install.html|Installation 
../handbook/install-hw.html|Supported Hardware
../handbook/mirrors.html|Mirrors 
../applications.html|Applications 
../alpha/|About Alpha port 
../java/|Java 
../ports/|Ports
../commercial/commercial.html|Commercial Vendors
 
|Support
../support.html#mailing-list|Mailing lists
../support.html#newsgroups|Newsgroups
../support.html#web|Web
../support.html#pr|Bugs
../support.html#cvs|CVS
../support.html#development|Projects
../support.html#user|User Groups
../projects/|Projects
../security/security.html|Security
../gallery/gallery.html|Gallery
../commercial/commercial.html|Commercial Vendors

|News
../news/newsflash.html|Newsflash
../news/qnewsletter.html|FreeBSD Quick Newsletter
../news/pressreleases.html|Official Press Releases
../news/press.html|FreeBSD in the press
../publish.html#newsletter|Newsletter
 
|Documentation
../handbook/|Handbook
../FAQ/|FAQ
../tutorials/|Tutorials
../docs.html#man|Manual Pages
../docs.html#info|INFO
../docs.html#44doc|4.4BSD Manuals
../publish.html|Publications
../handbook/bibliography.html|Books
../y2kbug.html|Year2000

