# Copyright (c) June 1998 Wolfram Schneider <wosch@FreeBSD.org>, Berlin.
#
# Site map for FreeBSD.org
#
# Empty lines and comments ('#') are ignored.
# Format: <url> | <description>
# An empty url begin a new section
#
# $FreeBSD: www/ja/search/site.map,v 1.2 2010/07/09 17:27:15 ryusuke Exp $
# 
# NOTE: the entries in the main sections should be the same as the entries
# in the navibar on the frontpage and should be listed in the same
# order. Entries in deeper levels of the hierarchy of our website
# (e.g. Platforms) should be added into the submenu section listed
# alphabetically. Please always respect these guidelines to keep this file
# easy to maintain.
#
# The FreeBSD Japanese Documentation Project
# Original revision: 1.31

#
#		Main section
#

|FreeBSD について
&base;/features.html|特徴
&base;/releases/index.html|リリース情報
&enbase;/doc/en_US.ISO8859-1/books/handbook/install.html|インストール
&u.rel.hardware;|ハードウェアノート
&enbase;/doc/ja_JP.eucJP/books/handbook/mirrors.html|ミラー
&base;/applications.html|アプリケーション
&base;/java/index.html|Java
&enbase;/gnome/index.html|GNOME
&base;/ports/index.html|Ports
&base;/commercial/commercial.html|商用ベンダ
&enbase;/administration.html|アドミニストレーション

|FreeBSD の入手
&base;/where.html|FreeBSD の入手
&base;/releases/index.html|リリース情報
&base;/snapshots/index.html|スナップショットリリース
&base;/ports/index.html|Ports

|ドキュメント
&base;/docs/books.html|Books
&enbase;/doc/ja_JP.eucJP/books/handbook/index.html|ハンドブック
&enbase;/doc/en_US.ISO8859-1/books/faq/index.html|FAQ
&base;/docs/books.html#ARTICLES|Articles
&cgibase;/man.cgi|マニュアルページ
http://docs.freebsd.org/|その他の文書
&base;/publish.html|出版物
&base;/docproj/translations.html|翻訳
&enbase;/doc/en_US.ISO8859-1/books/handbook/bibliography.html|参考図書
&base;/y2kbug.html|2000 年問題

|コミュニティ
&base;/community/mailinglists.html|メーリングリスト
&base;/community/irc.html|IRC
&base;/community/newsgroups.html|ニュースグループ
&base;/usergroups.html|ユーザグループ
&base;/community/webresources.html|ウェブ上の情報

|開発
&enbase;/doc/en_US.ISO8859-1/books/developers-handbook/index.html|開発者のためのハンドブック
&enbase;/doc/ja_JP.eucJP/books/porters-handbook/|port 作成者のためのハンドブック
&base;/developers/cvs.html|CVS リポジトリ
&enbase;/releng/index.html|リリースエンジニアリング
&base;/platforms/index.html|プラットフォーム
&enbase;/projects/ideas/index.html|プロジェクトアイディア
&enbase;/doc/ja_JP.eucJP/articles/contributing/index.html|貢献

|サポート
&base;/commercial/commercial.html|商用ベンダ
&base;/security/security.html|セキュリティ情報
&base;/support/bugreports.html|バグの報告
&base;/support/webresources.html|ウェブ上の情報

|財団
http://www.freebsdfoundation.org/|FreeBSD Foundation


#
#		Submenu section
#

|ニュース
&base;/news/newsflash.html|最新ニュース
&base;/news/pressreleases.html|プレスリリース
&base;/news/press.html|FreeBSD に関連したニュース記事
&base;/events/events.html|イベント
&enbase;/news/status/status.html|進捗レポート

|プラットフォーム
&base;/platforms/alpha.html|FreeBSD/alpha
&base;/platforms/amd64.html|FreeBSD/amd64
&base;/platforms/arm.html|FreeBSD/ARM
&enbase;/platforms/i386.html|FreeBSD/i386
&base;/platforms/ia64/index.html|FreeBSD/ia64
&base;/platforms/mips.html|FreeBSD/MIPS
&base;/platforms/pc98.html|FreeBSD/pc98
&base;/platforms/ppc.html|FreeBSD/ppc
&base;/platforms/sparc.html|FreeBSD/sparc64
&enbase;/platforms/sun4v.html|FreeBSD/sunv4
&enbase;/platforms/xbox.html|FreeBSD/xbox

|プロジェクト
&enbase;/projects/acpi/index.html|ACPI
&enbase;/projects/bigdisk/index.html|Bigdisk
&enbase;/projects/busdma/index.html|Busdma および SMPng ドライバの書き換え
&enbase;/projects/c99/index.html|C99 &amp; POSIX&reg; 適合プロジェクト
&base;/projects/cvsweb.html|CVSweb
&enbase;/projects/gnats4/index.html|FreeBSD GNATS Upgrade
&enbase;/projects/ideas/index.html|FreeBSD プロジェクトアイディア
&base;/projects/mips/index.html|FreeBSD/MIPS
&enbase;/projects/netperf/index.html|Network Performance (netperf)
